MPLINK 5.08, LINKER
Linker Map File - Created Thu Dec 01 03:12:34 2016

                                 Section Info
                  Section       Type    Address   Location Size(Bytes)
                ---------  ---------  ---------  ---------  ---------
                   .org_0       code   0x000000    program   0x000002
                   .cinit    romdata   0x000001    program   0x000004
                   .org_1       code   0x000004    program   0x00002e



                              Program Memory Usage 
                               Start         End      
                           ---------   ---------      
                            0x000000    0x000002      
                            0x000004    0x00001a      
            26 out of 8454 program addresses used, program memory utilization is 0%



                              Symbols - Sorted by Name
                     Name    Address   Location    Storage File                     
                ---------  ---------  ---------  --------- ---------                
              ANA_PROGRAM   0x000019    program     static D:\proje_asm\tmr0_1.X\tmr0_1.asm
                ILK_ISLEM   0x000005    program     static D:\proje_asm\tmr0_1.X\tmr0_1.asm
                    KESME   0x000012    program     static D:\proje_asm\tmr0_1.X\tmr0_1.asm
                   SONSUZ   0x00001a    program     static D:\proje_asm\tmr0_1.X\tmr0_1.asm



                              Symbols - Sorted by Address
                     Name    Address   Location    Storage File                     
                ---------  ---------  ---------  --------- ---------                
                ILK_ISLEM   0x000005    program     static D:\proje_asm\tmr0_1.X\tmr0_1.asm
                    KESME   0x000012    program     static D:\proje_asm\tmr0_1.X\tmr0_1.asm
              ANA_PROGRAM   0x000019    program     static D:\proje_asm\tmr0_1.X\tmr0_1.asm
                   SONSUZ   0x00001a    program     static D:\proje_asm\tmr0_1.X\tmr0_1.asm


