MPLINK 5.08, LINKER
Linker Map File - Created Thu Oct 20 20:44:42 2016

                                 Section Info
                  Section       Type    Address   Location Size(Bytes)
                ---------  ---------  ---------  ---------  ---------
                   .org_0       code   0x000000    program   0x000060
                   .cinit    romdata   0x000030    program   0x000004



                              Program Memory Usage 
                               Start         End      
                           ---------   ---------      
                            0x000000    0x000031      
            50 out of 8454 program addresses used, program memory utilization is 0%



                              Symbols - Sorted by Name
                     Name    Address   Location    Storage File                     
                ---------  ---------  ---------  --------- ---------                
                    BASLA   0x000006    program     static D:\proje_asm\main.X\main.asm
                       D1   0x000026    program     static D:\proje_asm\main.X\main.asm
                    ZAMAN   0x000027    program     static D:\proje_asm\main.X\main.asm
                       z0   0x00000a    program     static D:\proje_asm\main.X\main.asm
                       z1   0x00000c    program     static D:\proje_asm\main.X\main.asm
                       z4   0x000029    program     static D:\proje_asm\main.X\main.asm
                       z5   0x00002b    program     static D:\proje_asm\main.X\main.asm



                              Symbols - Sorted by Address
                     Name    Address   Location    Storage File                     
                ---------  ---------  ---------  --------- ---------                
                    BASLA   0x000006    program     static D:\proje_asm\main.X\main.asm
                       z0   0x00000a    program     static D:\proje_asm\main.X\main.asm
                       z1   0x00000c    program     static D:\proje_asm\main.X\main.asm
                       D1   0x000026    program     static D:\proje_asm\main.X\main.asm
                    ZAMAN   0x000027    program     static D:\proje_asm\main.X\main.asm
                       z4   0x000029    program     static D:\proje_asm\main.X\main.asm
                       z5   0x00002b    program     static D:\proje_asm\main.X\main.asm


