MPLINK 5.08, LINKER
Linker Map File - Created Fri Nov 11 01:10:08 2016

                                 Section Info
                  Section       Type    Address   Location Size(Bytes)
                ---------  ---------  ---------  ---------  ---------
                   .org_0       code   0x000000    program   0x000002
                   .cinit    romdata   0x000001    program   0x000004
                   .org_1       code   0x000004    program   0x000044
.config_2007_BUILD/DEFAULT/PRODUCTION/KESME_K       code   0x002007    program   0x000002



                              Program Memory Usage 
                               Start         End      
                           ---------   ---------      
                            0x000000    0x000002      
                            0x000004    0x000025      
                            0x002007    0x002007      
            38 out of 8454 program addresses used, program memory utilization is 0%



                              Symbols - Sorted by Name
                     Name    Address   Location    Storage File                     
                ---------  ---------  ---------  --------- ---------                
                    DELAY   0x00001d    program     static D:\proje_asm\KESME_KAYMA.X\KESME_KAYMA.asm
             _.org_1_0009   0x000009    program     static D:\proje_asm\KESME_KAYMA.X\KESME_KAYMA.asm
             _.org_1_0022   0x000022    program     static D:\proje_asm\KESME_KAYMA.X\KESME_KAYMA.asm
             _.org_1_0024   0x000024    program     static D:\proje_asm\KESME_KAYMA.X\KESME_KAYMA.asm
               anaprogram   0x00000b    program     static D:\proje_asm\KESME_KAYMA.X\KESME_KAYMA.asm
                    dongu   0x00001c    program     static D:\proje_asm\KESME_KAYMA.X\KESME_KAYMA.asm



                              Symbols - Sorted by Address
                     Name    Address   Location    Storage File                     
                ---------  ---------  ---------  --------- ---------                
             _.org_1_0009   0x000009    program     static D:\proje_asm\KESME_KAYMA.X\KESME_KAYMA.asm
               anaprogram   0x00000b    program     static D:\proje_asm\KESME_KAYMA.X\KESME_KAYMA.asm
                    dongu   0x00001c    program     static D:\proje_asm\KESME_KAYMA.X\KESME_KAYMA.asm
                    DELAY   0x00001d    program     static D:\proje_asm\KESME_KAYMA.X\KESME_KAYMA.asm
             _.org_1_0022   0x000022    program     static D:\proje_asm\KESME_KAYMA.X\KESME_KAYMA.asm
             _.org_1_0024   0x000024    program     static D:\proje_asm\KESME_KAYMA.X\KESME_KAYMA.asm


