MPLINK 5.08, LINKER
Linker Map File - Created Thu Nov 10 04:02:52 2016

                                 Section Info
                  Section       Type    Address   Location Size(Bytes)
                ---------  ---------  ---------  ---------  ---------
                   .org_0       code   0x000000    program   0x000026
                   .cinit    romdata   0x000013    program   0x000004



                              Program Memory Usage 
                               Start         End      
                           ---------   ---------      
                            0x000000    0x000014      
            21 out of 8454 program addresses used, program memory utilization is 0%



                              Symbols - Sorted by Name
                     Name    Address   Location    Storage File                     
                ---------  ---------  ---------  --------- ---------                
                    BASLA   0x000008    program     static D:\proje_asm\swapf_dene.X\swapf.asm
                  BEKLEME   0x00000b    program     static D:\proje_asm\swapf_dene.X\swapf.asm
             _.org_0_000A   0x00000a    program     static D:\proje_asm\swapf_dene.X\swapf.asm
             _.org_0_0010   0x000010    program     static D:\proje_asm\swapf_dene.X\swapf.asm
             _.org_0_0012   0x000012    program     static D:\proje_asm\swapf_dene.X\swapf.asm



                              Symbols - Sorted by Address
                     Name    Address   Location    Storage File                     
                ---------  ---------  ---------  --------- ---------                
                    BASLA   0x000008    program     static D:\proje_asm\swapf_dene.X\swapf.asm
             _.org_0_000A   0x00000a    program     static D:\proje_asm\swapf_dene.X\swapf.asm
                  BEKLEME   0x00000b    program     static D:\proje_asm\swapf_dene.X\swapf.asm
             _.org_0_0010   0x000010    program     static D:\proje_asm\swapf_dene.X\swapf.asm
             _.org_0_0012   0x000012    program     static D:\proje_asm\swapf_dene.X\swapf.asm


