MPLINK 5.08, LINKER
Linker Map File - Created Fri Nov 11 01:03:45 2016

                                 Section Info
                  Section       Type    Address   Location Size(Bytes)
                ---------  ---------  ---------  ---------  ---------
                   .org_0       code   0x000000    program   0x00004e
                   .cinit    romdata   0x000027    program   0x000004



                              Program Memory Usage 
                               Start         End      
                           ---------   ---------      
                            0x000000    0x000028      
            41 out of 8454 program addresses used, program memory utilization is 0%



                              Symbols - Sorted by Name
                     Name    Address   Location    Storage File                     
                ---------  ---------  ---------  --------- ---------                
                    DELAY   0x00001e    program     static D:\proje_asm\XORLW_DENEME.X\XORLW_DENEME.asm
                      SON   0x00001a    program     static D:\proje_asm\XORLW_DENEME.X\XORLW_DENEME.asm
                      YAK   0x000016    program     static D:\proje_asm\XORLW_DENEME.X\XORLW_DENEME.asm
             _.org_0_0019   0x000019    program     static D:\proje_asm\XORLW_DENEME.X\XORLW_DENEME.asm
             _.org_0_001D   0x00001d    program     static D:\proje_asm\XORLW_DENEME.X\XORLW_DENEME.asm
             _.org_0_0023   0x000023    program     static D:\proje_asm\XORLW_DENEME.X\XORLW_DENEME.asm
             _.org_0_0025   0x000025    program     static D:\proje_asm\XORLW_DENEME.X\XORLW_DENEME.asm



                              Symbols - Sorted by Address
                     Name    Address   Location    Storage File                     
                ---------  ---------  ---------  --------- ---------                
                      YAK   0x000016    program     static D:\proje_asm\XORLW_DENEME.X\XORLW_DENEME.asm
             _.org_0_0019   0x000019    program     static D:\proje_asm\XORLW_DENEME.X\XORLW_DENEME.asm
                      SON   0x00001a    program     static D:\proje_asm\XORLW_DENEME.X\XORLW_DENEME.asm
             _.org_0_001D   0x00001d    program     static D:\proje_asm\XORLW_DENEME.X\XORLW_DENEME.asm
                    DELAY   0x00001e    program     static D:\proje_asm\XORLW_DENEME.X\XORLW_DENEME.asm
             _.org_0_0023   0x000023    program     static D:\proje_asm\XORLW_DENEME.X\XORLW_DENEME.asm
             _.org_0_0025   0x000025    program     static D:\proje_asm\XORLW_DENEME.X\XORLW_DENEME.asm


