MPLINK 5.08, LINKER
Linker Map File - Created Sat Dec 24 21:11:59 2016

                                 Section Info
                  Section       Type    Address   Location Size(Bytes)
                ---------  ---------  ---------  ---------  ---------
                   .org_0       code   0x000000    program   0x000038
                   .cinit    romdata   0x00001c    program   0x000004



                              Program Memory Usage 
                               Start         End      
                           ---------   ---------      
                            0x000000    0x00001d      
            30 out of 8454 program addresses used, program memory utilization is 0%



                              Symbols - Sorted by Name
                     Name    Address   Location    Storage File                     
                ---------  ---------  ---------  --------- ---------                
                      E11   0x000008    program     static D:\proje_asm\kettle_deneme.X\kettle_bekle.asm
                      E_0   0x000011    program     static D:\proje_asm\kettle_deneme.X\kettle_bekle.asm
                      E_1   0x000013    program     static D:\proje_asm\kettle_deneme.X\kettle_bekle.asm
                      E_2   0x000015    program     static D:\proje_asm\kettle_deneme.X\kettle_bekle.asm
            GECIK_KIRMIZI   0x00000f    program     static D:\proje_asm\kettle_deneme.X\kettle_bekle.asm



                              Symbols - Sorted by Address
                     Name    Address   Location    Storage File                     
                ---------  ---------  ---------  --------- ---------                
                      E11   0x000008    program     static D:\proje_asm\kettle_deneme.X\kettle_bekle.asm
            GECIK_KIRMIZI   0x00000f    program     static D:\proje_asm\kettle_deneme.X\kettle_bekle.asm
                      E_0   0x000011    program     static D:\proje_asm\kettle_deneme.X\kettle_bekle.asm
                      E_1   0x000013    program     static D:\proje_asm\kettle_deneme.X\kettle_bekle.asm
                      E_2   0x000015    program     static D:\proje_asm\kettle_deneme.X\kettle_bekle.asm


