MPLINK 5.08, LINKER
Linker Map File - Created Fri Nov 11 01:21:05 2016

                                 Section Info
                  Section       Type    Address   Location Size(Bytes)
                ---------  ---------  ---------  ---------  ---------
                   .org_0       code   0x000000    program   0x000002
                   .cinit    romdata   0x000001    program   0x000004
                   .org_1       code   0x000004    program   0x00003e
.config_2007_BUILD/DEFAULT/PRODUCTION/KESME_K       code   0x002007    program   0x000002



                              Program Memory Usage 
                               Start         End      
                           ---------   ---------      
                            0x000000    0x000002      
                            0x000004    0x000022      
                            0x002007    0x002007      
            35 out of 8454 program addresses used, program memory utilization is 0%



                              Symbols - Sorted by Name
                     Name    Address   Location    Storage File                     
                ---------  ---------  ---------  --------- ---------                
               ANAPROGRAM   0x00000b    program     static D:\proje_asm\kesme_kayan_led.X\kesme_kayan_led.asm
                    DELAY   0x00001a    program     static D:\proje_asm\kesme_kayan_led.X\kesme_kayan_led.asm
                    DONGU   0x000019    program     static D:\proje_asm\kesme_kayan_led.X\kesme_kayan_led.asm
             _.org_1_001F   0x00001f    program     static D:\proje_asm\kesme_kayan_led.X\kesme_kayan_led.asm
             _.org_1_0021   0x000021    program     static D:\proje_asm\kesme_kayan_led.X\kesme_kayan_led.asm



                              Symbols - Sorted by Address
                     Name    Address   Location    Storage File                     
                ---------  ---------  ---------  --------- ---------                
               ANAPROGRAM   0x00000b    program     static D:\proje_asm\kesme_kayan_led.X\kesme_kayan_led.asm
                    DONGU   0x000019    program     static D:\proje_asm\kesme_kayan_led.X\kesme_kayan_led.asm
                    DELAY   0x00001a    program     static D:\proje_asm\kesme_kayan_led.X\kesme_kayan_led.asm
             _.org_1_001F   0x00001f    program     static D:\proje_asm\kesme_kayan_led.X\kesme_kayan_led.asm
             _.org_1_0021   0x000021    program     static D:\proje_asm\kesme_kayan_led.X\kesme_kayan_led.asm


