MPLINK 5.08, LINKER
Linker Map File - Created Mon Nov 07 05:40:11 2016

                                 Section Info
                  Section       Type    Address   Location Size(Bytes)
                ---------  ---------  ---------  ---------  ---------
                   .org_0       code   0x000000    program   0x000034
                   .cinit    romdata   0x00001a    program   0x000004



                              Program Memory Usage 
                               Start         End      
                           ---------   ---------      
                            0x000000    0x00001b      
            28 out of 8454 program addresses used, program memory utilization is 0%



                              Symbols - Sorted by Name
                     Name    Address   Location    Storage File                     
                ---------  ---------  ---------  --------- ---------                
                    BEKLE   0x000011    program     static D:\proje_asm\4_sayma_alg_dene.X\4_sayma_alg_dene.asm
                       D0   0x000013    program     static D:\proje_asm\4_sayma_alg_dene.X\4_sayma_alg_dene.asm
                       D1   0x000015    program     static D:\proje_asm\4_sayma_alg_dene.X\4_sayma_alg_dene.asm
                      E_0   0x000006    program     static D:\proje_asm\4_sayma_alg_dene.X\4_sayma_alg_dene.asm
                      E_1   0x00000a    program     static D:\proje_asm\4_sayma_alg_dene.X\4_sayma_alg_dene.asm



                              Symbols - Sorted by Address
                     Name    Address   Location    Storage File                     
                ---------  ---------  ---------  --------- ---------                
                      E_0   0x000006    program     static D:\proje_asm\4_sayma_alg_dene.X\4_sayma_alg_dene.asm
                      E_1   0x00000a    program     static D:\proje_asm\4_sayma_alg_dene.X\4_sayma_alg_dene.asm
                    BEKLE   0x000011    program     static D:\proje_asm\4_sayma_alg_dene.X\4_sayma_alg_dene.asm
                       D0   0x000013    program     static D:\proje_asm\4_sayma_alg_dene.X\4_sayma_alg_dene.asm
                       D1   0x000015    program     static D:\proje_asm\4_sayma_alg_dene.X\4_sayma_alg_dene.asm


