MPLINK 5.08, LINKER
Linker Map File - Created Sun Oct 23 01:56:23 2016

                                 Section Info
                  Section       Type    Address   Location Size(Bytes)
                ---------  ---------  ---------  ---------  ---------
                   .org_0       code   0x000000    program   0x00004e
                   .cinit    romdata   0x000027    program   0x000004
.config_2007_BUILD/DEFAULT/PRODUCTION/DECIMAL       code   0x002007    program   0x000002



                              Program Memory Usage 
                               Start         End      
                           ---------   ---------      
                            0x000000    0x000028      
                            0x002007    0x002007      
            42 out of 8454 program addresses used, program memory utilization is 0%



                              Symbols - Sorted by Name
                     Name    Address   Location    Storage File                     
                ---------  ---------  ---------  --------- ---------                
                    START   0x000001    program     static D:\proje_asm\decimal_sayac.X\decimal.asm
                       j1   0x000007    program     static D:\proje_asm\decimal_sayac.X\decimal.asm
                       j2   0x00000f    program     static D:\proje_asm\decimal_sayac.X\decimal.asm
                       z0   0x000020    program     static D:\proje_asm\decimal_sayac.X\decimal.asm
                       z1   0x000022    program     static D:\proje_asm\decimal_sayac.X\decimal.asm
                    zaman   0x00001e    program     static D:\proje_asm\decimal_sayac.X\decimal.asm



                              Symbols - Sorted by Address
                     Name    Address   Location    Storage File                     
                ---------  ---------  ---------  --------- ---------                
                    START   0x000001    program     static D:\proje_asm\decimal_sayac.X\decimal.asm
                       j1   0x000007    program     static D:\proje_asm\decimal_sayac.X\decimal.asm
                       j2   0x00000f    program     static D:\proje_asm\decimal_sayac.X\decimal.asm
                    zaman   0x00001e    program     static D:\proje_asm\decimal_sayac.X\decimal.asm
                       z0   0x000020    program     static D:\proje_asm\decimal_sayac.X\decimal.asm
                       z1   0x000022    program     static D:\proje_asm\decimal_sayac.X\decimal.asm


