MPLINK 5.08, LINKER
Linker Map File - Created Sun Nov 20 06:54:56 2016

                                 Section Info
                  Section       Type    Address   Location Size(Bytes)
                ---------  ---------  ---------  ---------  ---------
                   .org_0       code   0x000000    program   0x000034
                   .cinit    romdata   0x00001a    program   0x000004



                              Program Memory Usage 
                               Start         End      
                           ---------   ---------      
                            0x000000    0x00001b      
            28 out of 8454 program addresses used, program memory utilization is 0%



                              Symbols - Sorted by Name
                     Name    Address   Location    Storage File                     
                ---------  ---------  ---------  --------- ---------                
                    BASLA   0x000006    program     static D:\proje_asm\vize_3.X\vize_3.asm
                    DELAY   0x00000d    program     static D:\proje_asm\vize_3.X\vize_3.asm
                     DON1   0x00000f    program     static D:\proje_asm\vize_3.X\vize_3.asm
                     DON2   0x000011    program     static D:\proje_asm\vize_3.X\vize_3.asm
                     DON3   0x000013    program     static D:\proje_asm\vize_3.X\vize_3.asm



                              Symbols - Sorted by Address
                     Name    Address   Location    Storage File                     
                ---------  ---------  ---------  --------- ---------                
                    BASLA   0x000006    program     static D:\proje_asm\vize_3.X\vize_3.asm
                    DELAY   0x00000d    program     static D:\proje_asm\vize_3.X\vize_3.asm
                     DON1   0x00000f    program     static D:\proje_asm\vize_3.X\vize_3.asm
                     DON2   0x000011    program     static D:\proje_asm\vize_3.X\vize_3.asm
                     DON3   0x000013    program     static D:\proje_asm\vize_3.X\vize_3.asm


